// Jest Snapshot v1, https://goo.gl/fbAQLP

exports[`Header should match a snapshot 1`] = `undefined`;

exports[`Search should match a snapshot 1`] = `undefined`;

exports[`SearchForm should match a snapshot 1`] = `undefined`;
